// Jest Snapshot v1, https://goo.gl/fbAQLP

exports[`LoginScreen should render correctly 1`] = `
<View
  style={
    {
      "backgroundColor": "#212832",
      "flex": 1,
      "paddingHorizontal": 20,
    }
  }
>
  <RCTSafeAreaView
    style={
      {
        "flex": 1,
      }
    }
  >
    <View
      style={
        {
          "flex": 1,
        }
      }
    >
      <Image
        resizeMode="center"
        source={
          {
            "testUri": "../../../src/assets/images/logo.png",
          }
        }
        style={
          {
            "alignSelf": "center",
            "height": 100,
            "width": 100,
          }
        }
      />
      <Text
        style={
          [
            {
              "textAlign": "left",
            },
            {
              "color": "rgba(28, 27, 31, 1)",
              "writingDirection": "ltr",
            },
            [
              {
                "fontFamily": "System",
                "fontSize": 22,
                "fontWeight": "400",
                "letterSpacing": 0,
                "lineHeight": 28,
              },
              {
                "color": "#FFFFFF",
                "marginTop": 20,
              },
            ],
          ]
        }
      >
        Welcome Back!
      </Text>
      <View
        style={
          {
            "marginVertical": 10,
          }
        }
      >
        <Text
          style={
            [
              {
                "textAlign": "left",
              },
              {
                "color": "rgba(28, 27, 31, 1)",
                "writingDirection": "ltr",
              },
              [
                {
                  "fontFamily": "System",
                  "fontSize": 14,
                  "fontWeight": "400",
                  "letterSpacing": 0.25,
                  "lineHeight": 20,
                },
                {
                  "color": "#8CAAB9",
                  "marginBottom": 10,
                },
              ],
            ]
          }
        >
          Email Address
        </Text>
        <View
          style={
            {
              "position": "relative",
            }
          }
        >
          <View
            style={
              {
                "left": 15,
                "position": "absolute",
                "top": 12,
                "zIndex": 1000,
              }
            }
          >
            <SvgMock />
          </View>
          <View
            style={{}}
          >
            <View
              pointerEvents="none"
              style={
                [
                  {
                    "bottom": 0,
                    "left": 0,
                    "position": "absolute",
                    "right": 0,
                    "top": 6,
                  },
                  {
                    "top": 0,
                  },
                  {
                    "backgroundColor": "rgba(255, 251, 254, 1)",
                    "borderColor": "#455A64",
                    "borderRadius": 4,
                    "borderWidth": 1,
                  },
                  {
                    "backgroundColor": "#455A64",
                    "borderRadius": 0,
                    "borderWidth": 1,
                  },
                ]
              }
              testID="text-input-outline"
            />
            <View>
              <View
                style={
                  [
                    {
                      "paddingBottom": 0,
                    },
                    {
                      "minHeight": 48,
                      "paddingTop": 0,
                    },
                  ]
                }
              >
                <TextInput
                  autoCapitalize="none"
                  cursorColor="rgba(103, 80, 164, 1)"
                  editable={true}
                  inputLabel="Email Address"
                  maxFontSizeMultiplier={1.5}
                  multiline={false}
                  onBlur={[Function]}
                  onChangeText={[Function]}
                  onFocus={[Function]}
                  placeholderTextColor="rgba(73, 69, 79, 1)"
                  renderError={false}
                  selectionColor="rgba(103, 80, 164, 1)"
                  style={
                    [
                      {
                        "margin": 0,
                      },
                      {
                        "height": 48,
                      },
                      {
                        "paddingBottom": 0,
                        "paddingTop": 0,
                      },
                      {
                        "color": "#FFFFFF",
                        "fontFamily": "System",
                        "fontSize": 16,
                        "fontWeight": undefined,
                        "letterSpacing": 0.15,
                        "lineHeight": 19.2,
                        "minWidth": 65,
                        "paddingHorizontal": 16,
                        "textAlign": "left",
                        "textAlignVertical": "center",
                      },
                      false,
                      {
                        "marginLeft": 56,
                        "paddingLeft": 0,
                      },
                      {
                        "textAlign": "auto",
                      },
                    ]
                  }
                  testID="login-email"
                  underlineColorAndroid="transparent"
                  value=""
                />
              </View>
            </View>
          </View>
        </View>
      </View>
      <View
        style={
          {
            "marginVertical": 10,
          }
        }
      >
        <Text
          style={
            [
              {
                "textAlign": "left",
              },
              {
                "color": "rgba(28, 27, 31, 1)",
                "writingDirection": "ltr",
              },
              [
                {
                  "fontFamily": "System",
                  "fontSize": 14,
                  "fontWeight": "400",
                  "letterSpacing": 0.25,
                  "lineHeight": 20,
                },
                {
                  "color": "#8CAAB9",
                  "marginBottom": 10,
                },
              ],
            ]
          }
        >
          Password
        </Text>
        <View
          style={
            {
              "position": "relative",
            }
          }
        >
          <View
            style={
              {
                "left": 15,
                "position": "absolute",
                "top": 12,
                "zIndex": 1000,
              }
            }
          >
            <SvgMock />
          </View>
          <View
            style={{}}
          >
            <View
              pointerEvents="none"
              style={
                [
                  {
                    "bottom": 0,
                    "left": 0,
                    "position": "absolute",
                    "right": 0,
                    "top": 6,
                  },
                  {
                    "top": 0,
                  },
                  {
                    "backgroundColor": "rgba(255, 251, 254, 1)",
                    "borderColor": "#455A64",
                    "borderRadius": 4,
                    "borderWidth": 1,
                  },
                  {
                    "backgroundColor": "#455A64",
                    "borderRadius": 0,
                    "borderWidth": 1,
                  },
                ]
              }
              testID="text-input-outline"
            />
            <View>
              <View
                style={
                  [
                    {
                      "paddingBottom": 0,
                    },
                    {
                      "minHeight": 48,
                      "paddingTop": 0,
                    },
                  ]
                }
              >
                <TextInput
                  autoCapitalize="none"
                  cursorColor="rgba(103, 80, 164, 1)"
                  editable={true}
                  inputLabel="Password"
                  maxFontSizeMultiplier={1.5}
                  multiline={false}
                  onBlur={[Function]}
                  onChangeText={[Function]}
                  onFocus={[Function]}
                  placeholderTextColor="rgba(73, 69, 79, 1)"
                  renderError={false}
                  renderRight={true}
                  secureTextEntry={true}
                  selectionColor="rgba(103, 80, 164, 1)"
                  style={
                    [
                      {
                        "margin": 0,
                      },
                      {
                        "height": 48,
                      },
                      {
                        "paddingBottom": 0,
                        "paddingTop": 0,
                      },
                      {
                        "color": "#FFFFFF",
                        "fontFamily": "System",
                        "fontSize": 16,
                        "fontWeight": undefined,
                        "letterSpacing": 0.15,
                        "lineHeight": 19.2,
                        "minWidth": 65,
                        "paddingHorizontal": 16,
                        "textAlign": "left",
                        "textAlignVertical": "center",
                      },
                      false,
                      {
                        "marginLeft": 56,
                        "marginRight": 56,
                        "paddingLeft": 0,
                        "paddingRight": 0,
                      },
                      {
                        "textAlign": "auto",
                      },
                    ]
                  }
                  testID="login-password"
                  underlineColorAndroid="transparent"
                  value=""
                />
              </View>
            </View>
          </View>
          <View
            style={
              {
                "position": "absolute",
                "right": 15,
                "top": 12,
                "zIndex": 1000,
              }
            }
          >
            <SvgMock />
          </View>
        </View>
      </View>
      <View
        accessibilityState={
          {
            "busy": undefined,
            "checked": undefined,
            "disabled": undefined,
            "expanded": undefined,
            "selected": undefined,
          }
        }
        accessibilityValue={
          {
            "max": undefined,
            "min": undefined,
            "now": undefined,
            "text": undefined,
          }
        }
        accessible={true}
        collapsable={false}
        focusable={false}
        onClick={[Function]}
        onResponderGrant={[Function]}
        onResponderMove={[Function]}
        onResponderRelease={[Function]}
        onResponderTerminate={[Function]}
        onResponderTerminationRequest={[Function]}
        onStartShouldSetResponder={[Function]}
        style={
          {
            "alignSelf": "flex-end",
            "opacity": 1,
          }
        }
      >
        <Text
          style={
            [
              {
                "textAlign": "left",
              },
              {
                "color": "rgba(28, 27, 31, 1)",
                "writingDirection": "ltr",
              },
              [
                {
                  "fontFamily": "System",
                  "fontSize": 14,
                  "fontWeight": "400",
                  "letterSpacing": 0.25,
                  "lineHeight": 20,
                },
                {
                  "color": "#8CAAB9",
                  "marginTop": 5,
                  "textAlign": "right",
                },
              ],
            ]
          }
        >
          Forgot Password?
        </Text>
      </View>
      <View
        style={
          {
            "marginTop": 40,
          }
        }
      >
        <View
          collapsable={false}
          style={
            {
              "backgroundColor": "rgba(103, 80, 164, 1)",
              "borderRadius": 0,
              "shadowColor": "#000",
              "shadowOffset": {
                "height": 0,
                "width": 0,
              },
              "shadowOpacity": 0,
              "shadowRadius": 0,
            }
          }
          testID="login-btn-container-outer-layer"
        >
          <View
            collapsable={false}
            style={
              {
                "backgroundColor": "rgba(103, 80, 164, 1)",
                "borderColor": "transparent",
                "borderRadius": 0,
                "borderStyle": "solid",
                "borderWidth": 0,
                "flex": undefined,
                "minWidth": 64,
                "shadowColor": "#000",
                "shadowOffset": {
                  "height": 0,
                  "width": 0,
                },
                "shadowOpacity": 0,
                "shadowRadius": 0,
              }
            }
            testID="login-btn-container"
          >
            <View
              accessibilityRole="button"
              accessibilityState={
                {
                  "busy": undefined,
                  "checked": undefined,
                  "disabled": false,
                  "expanded": undefined,
                  "selected": undefined,
                }
              }
              accessibilityValue={
                {
                  "max": undefined,
                  "min": undefined,
                  "now": undefined,
                  "text": undefined,
                }
              }
              accessible={true}
              collapsable={false}
              focusable={true}
              onBlur={[Function]}
              onClick={[Function]}
              onFocus={[Function]}
              onResponderGrant={[Function]}
              onResponderMove={[Function]}
              onResponderRelease={[Function]}
              onResponderTerminate={[Function]}
              onResponderTerminationRequest={[Function]}
              onStartShouldSetResponder={[Function]}
              style={
                [
                  {
                    "overflow": "hidden",
                  },
                  {
                    "borderRadius": 0,
                  },
                ]
              }
              testID="login-btn"
            >
              <View
                style={
                  [
                    {
                      "alignItems": "center",
                      "flexDirection": "row",
                      "justifyContent": "center",
                    },
                    {
                      "paddingVertical": 5,
                    },
                  ]
                }
              >
                <Text
                  numberOfLines={1}
                  selectable={false}
                  style={
                    [
                      {
                        "textAlign": "left",
                      },
                      {
                        "color": "rgba(28, 27, 31, 1)",
                        "writingDirection": "ltr",
                      },
                      [
                        {
                          "fontFamily": "System",
                          "fontSize": 14,
                          "fontWeight": "500",
                          "letterSpacing": 0.1,
                          "lineHeight": 20,
                        },
                        [
                          {
                            "marginHorizontal": 16,
                            "marginVertical": 9,
                            "textAlign": "center",
                          },
                          false,
                          {
                            "marginHorizontal": 24,
                            "marginVertical": 10,
                          },
                          undefined,
                          false,
                          {
                            "color": "#000000",
                            "fontFamily": "System",
                            "fontSize": 14,
                            "fontWeight": "500",
                            "letterSpacing": 0.1,
                            "lineHeight": 20,
                          },
                          undefined,
                        ],
                      ],
                    ]
                  }
                  testID="login-btn-text"
                >
                  Log In
                </Text>
              </View>
            </View>
          </View>
        </View>
      </View>
      <View
        style={
          [
            {
              "alignItems": "center",
              "flexDirection": "row",
            },
            {
              "marginVertical": 40,
            },
          ]
        }
      >
        <View
          style={
            [
              {
                "backgroundColor": "rgba(202, 196, 208, 1)",
                "height": 0.5,
              },
              undefined,
              false,
              false,
              {
                "borderColor": "#8CAAB9",
                "flex": 1,
              },
            ]
          }
        />
        <Text
          style={
            [
              {
                "textAlign": "left",
              },
              {
                "color": "rgba(28, 27, 31, 1)",
                "writingDirection": "ltr",
              },
              [
                {
                  "fontFamily": "System",
                  "fontSize": 14,
                  "fontWeight": "400",
                  "letterSpacing": 0.25,
                  "lineHeight": 20,
                },
                {
                  "color": "#8CAAB9",
                  "paddingHorizontal": 20,
                },
              ],
            ]
          }
        >
          or continue with
        </Text>
        <View
          style={
            [
              {
                "backgroundColor": "rgba(202, 196, 208, 1)",
                "height": 0.5,
              },
              undefined,
              false,
              false,
              {
                "borderColor": "#8CAAB9",
                "flex": 1,
              },
            ]
          }
        />
      </View>
      <View>
        <View
          collapsable={false}
          style={
            {
              "backgroundColor": "transparent",
              "borderRadius": 0,
              "shadowColor": "#000",
              "shadowOffset": {
                "height": 0,
                "width": 0,
              },
              "shadowOpacity": 0,
              "shadowRadius": 0,
            }
          }
          testID="button-container-outer-layer"
        >
          <View
            collapsable={false}
            style={
              {
                "backgroundColor": "transparent",
                "borderColor": "rgba(121, 116, 126, 1)",
                "borderRadius": 0,
                "borderStyle": "solid",
                "borderWidth": 1,
                "flex": undefined,
                "minWidth": 64,
                "shadowColor": "#000",
                "shadowOffset": {
                  "height": 0,
                  "width": 0,
                },
                "shadowOpacity": 0,
                "shadowRadius": 0,
              }
            }
            testID="button-container"
          >
            <View
              accessibilityRole="button"
              accessibilityState={
                {
                  "busy": undefined,
                  "checked": undefined,
                  "disabled": false,
                  "expanded": undefined,
                  "selected": undefined,
                }
              }
              accessibilityValue={
                {
                  "max": undefined,
                  "min": undefined,
                  "now": undefined,
                  "text": undefined,
                }
              }
              accessible={true}
              collapsable={false}
              focusable={true}
              onBlur={[Function]}
              onClick={[Function]}
              onFocus={[Function]}
              onResponderGrant={[Function]}
              onResponderMove={[Function]}
              onResponderRelease={[Function]}
              onResponderTerminate={[Function]}
              onResponderTerminationRequest={[Function]}
              onStartShouldSetResponder={[Function]}
              style={
                [
                  {
                    "overflow": "hidden",
                  },
                  {
                    "borderRadius": 0,
                  },
                ]
              }
              testID="button"
            >
              <View
                style={
                  [
                    {
                      "alignItems": "center",
                      "flexDirection": "row",
                      "justifyContent": "center",
                    },
                    {
                      "paddingVertical": 5,
                    },
                  ]
                }
              >
                <View
                  style={
                    [
                      {
                        "marginLeft": 12,
                        "marginRight": -4,
                      },
                      {
                        "marginLeft": 16,
                        "marginRight": -16,
                      },
                      false,
                    ]
                  }
                  testID="button-icon-container"
                >
                  <SvgMock />
                </View>
                <Text
                  numberOfLines={1}
                  selectable={false}
                  style={
                    [
                      {
                        "textAlign": "left",
                      },
                      {
                        "color": "rgba(28, 27, 31, 1)",
                        "writingDirection": "ltr",
                      },
                      [
                        {
                          "fontFamily": "System",
                          "fontSize": 14,
                          "fontWeight": "500",
                          "letterSpacing": 0.1,
                          "lineHeight": 20,
                        },
                        [
                          {
                            "marginHorizontal": 16,
                            "marginVertical": 9,
                            "textAlign": "center",
                          },
                          false,
                          {
                            "marginHorizontal": 24,
                            "marginVertical": 10,
                          },
                          undefined,
                          false,
                          {
                            "color": "#FFFFFF",
                            "fontFamily": "System",
                            "fontSize": 14,
                            "fontWeight": "500",
                            "letterSpacing": 0.1,
                            "lineHeight": 20,
                          },
                          undefined,
                        ],
                      ],
                    ]
                  }
                  testID="button-text"
                >
                  Google
                </Text>
              </View>
            </View>
          </View>
        </View>
      </View>
      <Text
        style={
          [
            {
              "textAlign": "left",
            },
            {
              "color": "rgba(28, 27, 31, 1)",
              "writingDirection": "ltr",
            },
            [
              {
                "fontFamily": "System",
                "fontSize": 14,
                "fontWeight": "400",
                "letterSpacing": 0.25,
                "lineHeight": 20,
              },
              {
                "color": "#8CAAB9",
                "marginTop": 20,
                "textAlign": "center",
              },
            ],
          ]
        }
      >
        Don't have an account?
         
        <View
          accessibilityState={
            {
              "busy": undefined,
              "checked": undefined,
              "disabled": undefined,
              "expanded": undefined,
              "selected": undefined,
            }
          }
          accessibilityValue={
            {
              "max": undefined,
              "min": undefined,
              "now": undefined,
              "text": undefined,
            }
          }
          accessible={true}
          collapsable={false}
          focusable={true}
          onClick={[Function]}
          onResponderGrant={[Function]}
          onResponderMove={[Function]}
          onResponderRelease={[Function]}
          onResponderTerminate={[Function]}
          onResponderTerminationRequest={[Function]}
          onStartShouldSetResponder={[Function]}
          style={
            {
              "opacity": 1,
            }
          }
          testID="signup-btn"
        >
          <Text
            style={
              [
                {
                  "textAlign": "left",
                },
                {
                  "color": "rgba(28, 27, 31, 1)",
                  "fontFamily": "Inter-Regular",
                  "fontWeight": "400",
                  "letterSpacing": 0,
                },
                {
                  "writingDirection": "ltr",
                },
                {
                  "color": "#FFD56B",
                },
              ]
            }
          >
            Sign Up
          </Text>
        </View>
      </Text>
    </View>
  </RCTSafeAreaView>
</View>
`;
